Microchip MPLAB XC8 Compiler V2.31

Linker command line:

-W-3 --edf=C:\Program Files\Microchip\xc8\v2.31\pic\dat\en_msgs.txt -cn \
  -h+dist/default/production\Master_miniproyecto.X.production.sym \
  --cmf=dist/default/production\Master_miniproyecto.X.production.cmf -z \
  -Q16F887 -oC:\Users\GONZAL~1\AppData\Local\Temp\sl5s.2 \
  --defsym=__MPLAB_BUILD=1 \
  -Mdist/default/production/Master_miniproyecto.X.production.map -E1 \
  -ver=XC8 Compiler --acfsm=1493 -ASTACK=0110h-016Fh -pstack=STACK \
  -ACODE=00h-07FFhx4 -ASTRCODE=00h-01FFFh -ASTRING=00h-0FFhx32 \
  -ACONST=00h-0FFhx32 -AENTRY=00h-0FFhx32 -ACOMMON=070h-07Fh \
  -ABANK0=020h-06Fh -ABANK1=0A0h-0EFh -ABANK2=0110h-016Fh \
  -ABANK3=0190h-01EFh -ARAM=020h-06Fh,0A0h-0EFh,0110h-016Fh,0190h-01EFh \
  -AABS1=020h-07Fh,0A0h-0EFh,0110h-016Fh,0190h-01EFh -ASFR0=00h-01Fh \
  -ASFR1=080h-09Fh -ASFR2=0100h-010Fh -ASFR3=0180h-018Fh \
  -ACONFIG=02007h-02008h -DCONFIG=2 -AIDLOC=02000h-02003h -DIDLOC=2 \
  -AEEDATA=00h-0FFh/02100h -peeprom_data=EEDATA -DEEDATA=2 -DCODE=2 \
  -DSTRCODE=2 -DSTRING=2 -DCONST=2 -DENTRY=2 \
  -preset_vec=00h,intentry=04h,init,end_init -ppowerup=CODE -pcinit=CODE \
  -pfunctab=ENTRY -k C:\Users\GONZAL~1\AppData\Local\Temp\sl5s.o \
  dist/default/production\Master_miniproyecto.X.production.o 

Object code version is 3.11

Machine type is 16F887



                Name                               Link     Load   Length Selector   Space Scale
C:\Users\GONZAL~1\AppData\Local\Temp\sl5s.o
                end_init                              C        C        3        8       0
                reset_vec                             0        0        3        0       0
dist/default/production\Master_miniproyecto.X.production.o
                cinit                                 F        F       10        8       0
                intentry                              4        4        8        8       0
                text15                              4D9      4D9       12      864       0
                text14                              432      432       2B      864       0
                text13                              500      500        6      864       0
                text12                              494      494       1A      864       0
                text11                              4EB      4EB        D      864       0
                text10                              45D      45D       1D      864       0
                text9                               47A      47A       1A      864       0
                text8                               33A      33A       46        8       0
                text7                               4C4      4C4       15      864       0
                text6                               29D      29D       57        8       0
                text5                               4AE      4AE       16      864       0
                text4                               3BC      3BC       33        8       0
                text3                               2F4      2F4       46        8       0
                text2                               380      380       3C        8       0
                text1                               1B3      1B3       EA        8       0
                maintext                             1F       1F      194        8       0
                cstackBANK0                          4A       4A       19       20       1
                cstackCOMMON                         70       70        8       70       1
                clrtext                             4F8      4F8        8      864       0
                bssBANK0                             20       20       2A       20       1
                bssCOMMON                            78       78        3       70       1
                strings                             400      400       32      800       0

TOTAL           Name                               Link     Load   Length     Space
        CLASS   STACK          

        CLASS   CODE           
                end_init                              C        C        3         0
                cinit                                 F        F       10         0
                intentry                              4        4        8         0
                reset_vec                             0        0        3         0
                text15                              4D9      4D9       12         0
                text14                              432      432       2B         0
                text13                              500      500        6         0
                text12                              494      494       1A         0
                text11                              4EB      4EB        D         0
                text10                              45D      45D       1D         0
                text9                               47A      47A       1A         0
                text8                               33A      33A       46         0
                text7                               4C4      4C4       15         0
                text6                               29D      29D       57         0
                text5                               4AE      4AE       16         0
                text4                               3BC      3BC       33         0
                text3                               2F4      2F4       46         0
                text2                               380      380       3C         0
                text1                               1B3      1B3       EA         0
                maintext                             1F       1F      194         0
                clrtext                             4F8      4F8        8         0

        CLASS   STRCODE        

        CLASS   STRING         
                strings                             400      400       32         0

        CLASS   CONST          

        CLASS   ENTRY          

        CLASS   COMMON         
                cstackCOMMON                         70       70        8         1
                bssCOMMON                            78       78        3         1

        CLASS   BANK0          
                cstackBANK0                          4A       4A       19         1
                bssBANK0                             20       20       2A         1

        CLASS   BANK1          

        CLASS   BANK2          

        CLASS   BANK3          

        CLASS   RAM            

        CLASS   ABS1           
                abs_s1                               7E       7E        2         1

        CLASS   SFR0           

        CLASS   SFR1           

        CLASS   SFR2           

        CLASS   SFR3           

        CLASS   CONFIG         

        CLASS   IDLOC          

        CLASS   EEDATA         



SEGMENTS        Name                           Load    Length   Top    Selector   Space  Class     Delta

                reset_vec                      000000  000003  000003         0       0  CODE        2
                intentry                       000004  0003EB  0003EF         8       0  CODE        2
                bssBANK0                       000020  000043  000063        20       1  BANK0       1
                cstackCOMMON                   000070  00000B  00007B        70       1  COMMON      1
                strings                        000400  000032  000432       800       0  STRING      2
                text14                         000432  0000D4  000506       864       0  CODE        2


UNUSED ADDRESS RANGES

        Name                Unused          Largest block    Delta
        BANK0            063-06F             D           1
        BANK1            0A0-0EF            50           1
        BANK2            110-16F            60           1
        BANK3            190-1EF            60           1
        CODE             003-003             1           2
                         3EF-3FF            11
                         506-1FFF           800
        COMMON           07B-07D             3           1
        CONFIG           2007-2008             2           2
        CONST            003-003             1           2
                         3EF-3FF            11
                         506-1FFF           100
        EEDATA           2100-21FF           100           2
        ENTRY            003-003             1           2
                         3EF-3FF            11
                         506-1FFF           100
        IDLOC            2000-2003             4           2
        RAM              063-06F             D           1
                         0A0-0EF            50
                         110-16F            60
                         190-1EF            60
        SFR0             000-01F            20           1
        SFR1             080-09F            20           1
        SFR2             100-10F            10           1
        SFR3             180-18F            10           1
        STACK            110-16F            60           1
        STRCODE          003-003             1           2
                         3EF-3FF            11
                         506-1FFF          1AFA
        STRING           003-003             1           2
                         3EF-3FF            11
                         506-1FFF           100

                                  Symbol Table

?___lwdiv                  cstackCOMMON 073
?___lwmod                  cstackBANK0  04D
?_sprintf                  cstackBANK0  053
Text_Uart@i                cstackCOMMON 075
Text_Uart@text             cstackCOMMON 077
_ANSEL                     (abs)        188
_ANSELH                    (abs)        189
_BRGH                      (abs)        4C2
_CREN                      (abs)        0C4
_PIE1bits                  (abs)        08C
_PIR1bits                  (abs)        00C
_PORTA                     (abs)        005
_PORTAbits                 (abs)        005
_PORTB                     (abs)        006
_PORTD                     (abs)        008
_PORTE                     (abs)        009
_PORTEbits                 (abs)        009
_SPBRG                     (abs)        099
_SPEN                      (abs)        0C7
_SSPBUF                    (abs)        013
_SSPCON                    (abs)        014
_SSPIF                     (abs)        063
_SSPSTAT                   (abs)        094
_SYNC                      (abs)        4C4
_TRISA                     (abs)        085
_TRISB                     (abs)        086
_TRISC3                    (abs)        43B
_TRISC5                    (abs)        43D
_TRISC6                    (abs)        43E
_TRISC7                    (abs)        43F
_TRISCbits                 (abs)        087
_TRISD                     (abs)        088
_TRISE                     (abs)        089
_TXEN                      (abs)        4C5
_TXREG                     (abs)        019
_TXSTAbits                 (abs)        098
_Text_Uart                 text14       432
__Habs1                    abs1         000
__Hbank0                   bank0        000
__Hbank1                   bank1        000
__Hbank2                   bank2        000
__Hbank3                   bank3        000
__HbssBANK0                bssBANK0     000
__HbssCOMMON               bssCOMMON    000
__Hcinit                   cinit        01F
__Hclrtext                 clrtext      000
__Hcode                    code         000
__Hcommon                  common       000
__HcstackBANK0             cstackBANK0  000
__HcstackCOMMON            cstackCOMMON 000
__Heeprom_data             eeprom_data  000
__Hend_init                end_init     00F
__Hfunctab                 functab      000
__Hinit                    init         00C
__Hintentry                intentry     00C
__Hmaintext                maintext     000
__Hpowerup                 powerup      000
__Hram                     ram          000
__Hreset_vec               reset_vec    003
__Hsfr0                    sfr0         000
__Hsfr1                    sfr1         000
__Hsfr2                    sfr2         000
__Hsfr3                    sfr3         000
__Hspace_0                 (abs)        506
__Hspace_1                 (abs)        07B
__Hspace_2                 (abs)        000
__Hspace_3                 (abs)        000
__Hstack                   stack        000
__Hstrings                 strings      000
__Htext                    text         000
__Labs1                    abs1         000
__Lbank0                   bank0        000
__Lbank1                   bank1        000
__Lbank2                   bank2        000
__Lbank3                   bank3        000
__LbssBANK0                bssBANK0     000
__LbssCOMMON               bssCOMMON    000
__Lcinit                   cinit        00F
__Lclrtext                 clrtext      000
__Lcode                    code         000
__Lcommon                  common       000
__LcstackBANK0             cstackBANK0  000
__LcstackCOMMON            cstackCOMMON 000
__Leeprom_data             eeprom_data  000
__Lend_init                end_init     00C
__Lfunctab                 functab      000
__Linit                    init         00C
__Lintentry                intentry     004
__Lmaintext                maintext     000
__Lpowerup                 powerup      000
__Lram                     ram          000
__Lreset_vec               reset_vec    000
__Lsfr0                    sfr0         000
__Lsfr1                    sfr1         000
__Lsfr2                    sfr2         000
__Lsfr3                    sfr3         000
__Lspace_0                 (abs)        000
__Lspace_1                 (abs)        000
__Lspace_2                 (abs)        000
__Lspace_3                 (abs)        000
__Lstack                   stack        000
__Lstrings                 strings      000
__Ltext                    text         000
__S0                       (abs)        506
__S1                       (abs)        07B
__S2                       (abs)        000
__S3                       (abs)        000
___int_sp                  stack        000
___latbits                 (abs)        002
___lwdiv                   text3        2F4
___lwdiv@counter           cstackBANK0  04A
___lwdiv@dividend          cstackCOMMON 075
___lwdiv@divisor           cstackCOMMON 073
___lwdiv@quotient          cstackBANK0  04B
___lwmod                   text2        380
___lwmod@counter           cstackBANK0  052
___lwmod@dividend          cstackBANK0  04F
___lwmod@divisor           cstackBANK0  04D
___sp                      stack        000
___stackhi                 (abs)        000
___stacklo                 (abs)        000
__end_of_Text_Uart         text14       45D
__end_of___lwdiv           text3        33A
__end_of___lwmod           text2        3BC
__end_of__initialization   cinit        01B
__end_of__stringtab        strings      410
__end_of_dpowers           strings      41A
__end_of_init_UART         text7        4D9
__end_of_isr               text15       4EB
__end_of_lcd_clear         text11       4F8
__end_of_lcd_cmd           text12       4AE
__end_of_lcd_init          text6        2F4
__end_of_lcd_move_cursor   text10       47A
__end_of_lcd_port          text13       506
__end_of_lcd_write_char    text9        494
__end_of_lcd_write_string  text8        380
__end_of_main              maintext     1B3
__end_of_setup             text4        3EF
__end_of_spiInit           text5        4C4
__end_of_sprintf           text1        29D
__initialization           cinit        00F
__pbssBANK0                bssBANK0     020
__pbssCOMMON               bssCOMMON    078
__pcstackBANK0             cstackBANK0  04A
__pcstackCOMMON            cstackCOMMON 070
__pintentry                intentry     004
__pmaintext                maintext     01F
__pstrings                 strings      400
__ptext1                   text1        1B3
__ptext10                  text10       45D
__ptext11                  text11       4EB
__ptext12                  text12       494
__ptext13                  text13       500
__ptext14                  text14       432
__ptext15                  text15       4D9
__ptext2                   text2        380
__ptext3                   text3        2F4
__ptext4                   text4        3BC
__ptext5                   text5        4AE
__ptext6                   text6        29D
__ptext7                   text7        4C4
__ptext8                   text8        33A
__ptext9                   text9        47A
__size_of_Text_Uart        (abs)        000
__size_of___lwdiv          (abs)        000
__size_of___lwmod          (abs)        000
__size_of_init_UART        (abs)        000
__size_of_isr              (abs)        000
__size_of_lcd_clear        (abs)        000
__size_of_lcd_cmd          (abs)        000
__size_of_lcd_init         (abs)        000
__size_of_lcd_move_cursor  (abs)        000
__size_of_lcd_port         (abs)        000
__size_of_lcd_write_char   (abs)        000
__size_of_lcd_write_string (abs)        000
__size_of_main             (abs)        000
__size_of_setup            (abs)        000
__size_of_spiInit          (abs)        000
__size_of_sprintf          (abs)        000
__stringbase               strings      40F
__stringtab                strings      400
_dpowers                   strings      410
_init_UART                 text7        4C4
_isr                       text15       4D9
_lcd_clear                 text11       4EB
_lcd_cmd                   text12       494
_lcd_init                  text6        29D
_lcd_move_cursor           text10       45D
_lcd_port                  text13       500
_lcd_write_char            text9        47A
_lcd_write_string          text8        33A
_main                      maintext     01F
_prueba_1                  bssCOMMON    07A
_setup                     text4        3BC
_slave1_SPI                bssBANK0     036
_slave2_SPI                bssBANK0     035
_slave3_SPI                bssBANK0     034
_slave_0                   bssBANK0     037
_slave_1                   bssBANK0     044
_slave_2                   bssBANK0     03E
_slave_3                   bssBANK0     038
_spiInit                   text5        4AE
_sprintf                   text1        1B3
btemp                      (abs)        07E
clear_ram0                 clrtext      4F8
end_of_initialization      cinit        01B
interrupt_function         intentry     004
intlevel0                  functab      000
intlevel1                  functab      000
intlevel2                  functab      000
intlevel3                  functab      000
intlevel4                  functab      000
intlevel5                  functab      000
lcd_cmd@cmd                cstackCOMMON 076
lcd_move_cursor@col        cstackCOMMON 077
lcd_move_cursor@row        cstackBANK0  04A
lcd_port@a                 cstackCOMMON 073
lcd_write_char@data        cstackCOMMON 076
lcd_write_string@a         cstackBANK0  04A
lcd_write_string@i         cstackBANK0  04F
reset_vec                  reset_vec    000
saved_w                    (abs)        07E
spiInit@sClockIdle         cstackCOMMON 074
spiInit@sDataSample        cstackCOMMON 073
spiInit@sTransmitEdge      cstackCOMMON 075
spiInit@sType              cstackCOMMON 076
sprintf@ap                 cstackBANK0  059
sprintf@c                  cstackBANK0  05F
sprintf@f                  cstackBANK0  053
sprintf@flag               cstackBANK0  05A
sprintf@prec               cstackBANK0  05B
sprintf@sp                 cstackBANK0  05E
sprintf@val                cstackBANK0  05C
start                      init         00C
start_initialization       cinit        00F
wtemp0                     (abs)        07E


FUNCTION INFORMATION:

 *************** function _main *****************
 Defined at:
		line 102 in file "Master.c"
 Parameters:    Size  Location     Type
		None
 Auto vars:     Size  Location     Type
		None
 Return value:  Size  Location     Type
                  1    wreg      void 
 Registers used:
		wreg, fsr0l, fsr0h, status,2, status,0, btemp+1, pclath, cstack
 Tracked objects:
		On entry : 
		On exit  : 
		Unchanged: 
 Data sizes:     COMMON   BANK0   BANK1   BANK3   BANK2
      Params:         0       0       0       0       0
      Locals:         0       0       0       0       0
      Temps:          0       3       0       0       0
      Totals:         0       3       0       0       0
Total ram usage:        3 bytes
 Hardware stack levels required when called:    5
 This function calls:
		_Text_Uart
		_lcd_clear
		_lcd_move_cursor
		_lcd_write_string
		_setup
		_sprintf
 This function is called by:
		Startup code after reset
 This function uses a non-reentrant model


 *************** function _sprintf *****************
 Defined at:
		line 505 in file "C:\Program Files\Microchip\xc8\v2.31\pic\sources\c90\common\doprnt.c"
 Parameters:    Size  Location     Type
  sp              1    wreg     PTR unsigned char 
		 -> slave_3(6), slave_2(6), slave_1(6), 
  f               1    9[BANK0 ] PTR const unsigned char 
		 -> STR_4(3), STR_3(3), STR_2(3), 
 Auto vars:     Size  Location     Type
  sp              1   20[BANK0 ] PTR unsigned char 
		 -> slave_3(6), slave_2(6), slave_1(6), 
  tmpval          4    0        struct .
  val             2   18[BANK0 ] unsigned int 
  cp              2    0        PTR const unsigned char 
  len             2    0        unsigned int 
  c               1   21[BANK0 ] unsigned char 
  prec            1   17[BANK0 ] char 
  flag            1   16[BANK0 ] unsigned char 
  ap              1   15[BANK0 ] PTR void [1]
		 -> ?_sprintf(2), 
 Return value:  Size  Location     Type
                  2    9[BANK0 ] int 
 Registers used:
		wreg, fsr0l, fsr0h, status,2, status,0, btemp+1, pclath, cstack
 Tracked objects:
		On entry : 
		On exit  : 
		Unchanged: 
 Data sizes:     COMMON   BANK0   BANK1   BANK3   BANK2
      Params:         0       3       0       0       0
      Locals:         0       7       0       0       0
      Temps:          0       3       0       0       0
      Totals:         0      13       0       0       0
Total ram usage:       13 bytes
 Hardware stack levels used:    1
 Hardware stack levels required when called:    2
 This function calls:
		___lwdiv
		___lwmod
 This function is called by:
		_main
 This function uses a non-reentrant model


 *************** function ___lwmod *****************
 Defined at:
		line 5 in file "C:\Program Files\Microchip\xc8\v2.31\pic\sources\c90\common\lwmod.c"
 Parameters:    Size  Location     Type
  divisor         2    3[BANK0 ] unsigned int 
  dividend        2    5[BANK0 ] unsigned int 
 Auto vars:     Size  Location     Type
  counter         1    8[BANK0 ] unsigned char 
 Return value:  Size  Location     Type
                  2    3[BANK0 ] unsigned int 
 Registers used:
		wreg, status,2, status,0
 Tracked objects:
		On entry : 
		On exit  : 
		Unchanged: 
 Data sizes:     COMMON   BANK0   BANK1   BANK3   BANK2
      Params:         0       4       0       0       0
      Locals:         0       1       0       0       0
      Temps:          0       1       0       0       0
      Totals:         0       6       0       0       0
Total ram usage:        6 bytes
 Hardware stack levels used:    1
 Hardware stack levels required when called:    1
 This function calls:
		Nothing
 This function is called by:
		_sprintf
 This function uses a non-reentrant model


 *************** function ___lwdiv *****************
 Defined at:
		line 5 in file "C:\Program Files\Microchip\xc8\v2.31\pic\sources\c90\common\lwdiv.c"
 Parameters:    Size  Location     Type
  divisor         2    3[COMMON] unsigned int 
  dividend        2    5[COMMON] unsigned int 
 Auto vars:     Size  Location     Type
  quotient        2    1[BANK0 ] unsigned int 
  counter         1    0[BANK0 ] unsigned char 
 Return value:  Size  Location     Type
                  2    3[COMMON] unsigned int 
 Registers used:
		wreg, status,2, status,0
 Tracked objects:
		On entry : 
		On exit  : 
		Unchanged: 
 Data sizes:     COMMON   BANK0   BANK1   BANK3   BANK2
      Params:         4       0       0       0       0
      Locals:         0       3       0       0       0
      Temps:          1       0       0       0       0
      Totals:         5       3       0       0       0
Total ram usage:        8 bytes
 Hardware stack levels used:    1
 Hardware stack levels required when called:    1
 This function calls:
		Nothing
 This function is called by:
		_sprintf
 This function uses a non-reentrant model


 *************** function _setup *****************
 Defined at:
		line 62 in file "Master.c"
 Parameters:    Size  Location     Type
		None
 Auto vars:     Size  Location     Type
		None
 Return value:  Size  Location     Type
                  1    wreg      void 
 Registers used:
		wreg, status,2, status,0, pclath, cstack
 Tracked objects:
		On entry : 
		On exit  : 
		Unchanged: 
 Data sizes:     COMMON   BANK0   BANK1   BANK3   BANK2
      Params:         0       0       0       0       0
      Locals:         0       0       0       0       0
      Temps:          0       0       0       0       0
      Totals:         0       0       0       0       0
Total ram usage:        0 bytes
 Hardware stack levels used:    1
 Hardware stack levels required when called:    4
 This function calls:
		_init_UART
		_lcd_cmd
		_lcd_init
		_spiInit
 This function is called by:
		_main
 This function uses a non-reentrant model


 *************** function _spiInit *****************
 Defined at:
		line 12 in file "spi.c"
 Parameters:    Size  Location     Type
  sType           1    wreg     enum E1264
  sDataSample     1    3[COMMON] enum E1272
  sClockIdle      1    4[COMMON] enum E1276
  sTransmitEdg    1    5[COMMON] enum E1280
 Auto vars:     Size  Location     Type
  sType           1    6[COMMON] enum E1264
 Return value:  Size  Location     Type
                  1    wreg      void 
 Registers used:
		wreg, status,2, status,0
 Tracked objects:
		On entry : 
		On exit  : 
		Unchanged: 
 Data sizes:     COMMON   BANK0   BANK1   BANK3   BANK2
      Params:         3       0       0       0       0
      Locals:         1       0       0       0       0
      Temps:          0       0       0       0       0
      Totals:         4       0       0       0       0
Total ram usage:        4 bytes
 Hardware stack levels used:    1
 Hardware stack levels required when called:    1
 This function calls:
		Nothing
 This function is called by:
		_setup
 This function uses a non-reentrant model


 *************** function _lcd_init *****************
 Defined at:
		line 8 in file "lcd.c"
 Parameters:    Size  Location     Type
		None
 Auto vars:     Size  Location     Type
		None
 Return value:  Size  Location     Type
                  1    wreg      void 
 Registers used:
		wreg, status,2, status,0, pclath, cstack
 Tracked objects:
		On entry : 
		On exit  : 
		Unchanged: 
 Data sizes:     COMMON   BANK0   BANK1   BANK3   BANK2
      Params:         0       0       0       0       0
      Locals:         0       0       0       0       0
      Temps:          0       2       0       0       0
      Totals:         0       2       0       0       0
Total ram usage:        2 bytes
 Hardware stack levels used:    1
 Hardware stack levels required when called:    3
 This function calls:
		_lcd_cmd
		_lcd_port
 This function is called by:
		_setup
 This function uses a non-reentrant model


 *************** function _init_UART *****************
 Defined at:
		line 50 in file "Master.c"
 Parameters:    Size  Location     Type
		None
 Auto vars:     Size  Location     Type
		None
 Return value:  Size  Location     Type
                  1    wreg      void 
 Registers used:
		wreg
 Tracked objects:
		On entry : 
		On exit  : 
		Unchanged: 
 Data sizes:     COMMON   BANK0   BANK1   BANK3   BANK2
      Params:         0       0       0       0       0
      Locals:         0       0       0       0       0
      Temps:          0       0       0       0       0
      Totals:         0       0       0       0       0
Total ram usage:        0 bytes
 Hardware stack levels used:    1
 Hardware stack levels required when called:    1
 This function calls:
		Nothing
 This function is called by:
		_setup
 This function uses a non-reentrant model


 *************** function _lcd_write_string *****************
 Defined at:
		line 85 in file "lcd.c"
 Parameters:    Size  Location     Type
  a               2    0[BANK0 ] PTR unsigned char 
		 -> slave_3(6), slave_2(6), slave_1(6), STR_1(16), 
 Auto vars:     Size  Location     Type
  i               2    5[BANK0 ] int 
 Return value:  Size  Location     Type
                  1    wreg      void 
 Registers used:
		wreg, fsr0l, fsr0h, status,2, status,0, btemp+1, pclath, cstack
 Tracked objects:
		On entry : 
		On exit  : 
		Unchanged: 
 Data sizes:     COMMON   BANK0   BANK1   BANK3   BANK2
      Params:         0       2       0       0       0
      Locals:         0       2       0       0       0
      Temps:          0       3       0       0       0
      Totals:         0       7       0       0       0
Total ram usage:        7 bytes
 Hardware stack levels used:    1
 Hardware stack levels required when called:    3
 This function calls:
		_lcd_write_char
 This function is called by:
		_main
 This function uses a non-reentrant model


 *************** function _lcd_write_char *****************
 Defined at:
		line 75 in file "lcd.c"
 Parameters:    Size  Location     Type
  data            1    wreg     unsigned char 
 Auto vars:     Size  Location     Type
  data            1    6[COMMON] unsigned char 
 Return value:  Size  Location     Type
                  1    wreg      void 
 Registers used:
		wreg, status,2, status,0, pclath, cstack
 Tracked objects:
		On entry : 
		On exit  : 
		Unchanged: 
 Data sizes:     COMMON   BANK0   BANK1   BANK3   BANK2
      Params:         0       0       0       0       0
      Locals:         1       0       0       0       0
      Temps:          2       0       0       0       0
      Totals:         3       0       0       0       0
Total ram usage:        3 bytes
 Hardware stack levels used:    1
 Hardware stack levels required when called:    2
 This function calls:
		_lcd_port
 This function is called by:
		_lcd_write_string
 This function uses a non-reentrant model


 *************** function _lcd_move_cursor *****************
 Defined at:
		line 63 in file "lcd.c"
 Parameters:    Size  Location     Type
  row             1    wreg     unsigned char 
  col             1    7[COMMON] unsigned char 
 Auto vars:     Size  Location     Type
  row             1    0[BANK0 ] unsigned char 
 Return value:  Size  Location     Type
                  1    wreg      void 
 Registers used:
		wreg, status,2, status,0, pclath, cstack
 Tracked objects:
		On entry : 
		On exit  : 
		Unchanged: 
 Data sizes:     COMMON   BANK0   BANK1   BANK3   BANK2
      Params:         1       0       0       0       0
      Locals:         0       1       0       0       0
      Temps:          0       0       0       0       0
      Totals:         1       1       0       0       0
Total ram usage:        2 bytes
 Hardware stack levels used:    1
 Hardware stack levels required when called:    3
 This function calls:
		_lcd_cmd
 This function is called by:
		_main
 This function uses a non-reentrant model


 *************** function _lcd_clear *****************
 Defined at:
		line 56 in file "lcd.c"
 Parameters:    Size  Location     Type
		None
 Auto vars:     Size  Location     Type
		None
 Return value:  Size  Location     Type
                  1    wreg      void 
 Registers used:
		wreg, status,2, status,0, pclath, cstack
 Tracked objects:
		On entry : 
		On exit  : 
		Unchanged: 
 Data sizes:     COMMON   BANK0   BANK1   BANK3   BANK2
      Params:         0       0       0       0       0
      Locals:         0       0       0       0       0
      Temps:          0       0       0       0       0
      Totals:         0       0       0       0       0
Total ram usage:        0 bytes
 Hardware stack levels used:    1
 Hardware stack levels required when called:    3
 This function calls:
		_lcd_cmd
 This function is called by:
		_main
 This function uses a non-reentrant model


 *************** function _lcd_cmd *****************
 Defined at:
		line 46 in file "lcd.c"
 Parameters:    Size  Location     Type
  cmd             1    wreg     unsigned char 
 Auto vars:     Size  Location     Type
  cmd             1    6[COMMON] unsigned char 
 Return value:  Size  Location     Type
                  1    wreg      void 
 Registers used:
		wreg, status,2, status,0, pclath, cstack
 Tracked objects:
		On entry : 
		On exit  : 
		Unchanged: 
 Data sizes:     COMMON   BANK0   BANK1   BANK3   BANK2
      Params:         0       0       0       0       0
      Locals:         1       0       0       0       0
      Temps:          2       0       0       0       0
      Totals:         3       0       0       0       0
Total ram usage:        3 bytes
 Hardware stack levels used:    1
 Hardware stack levels required when called:    2
 This function calls:
		_lcd_port
 This function is called by:
		_setup
		_lcd_init
		_lcd_clear
		_lcd_move_cursor
 This function uses a non-reentrant model


 *************** function _lcd_port *****************
 Defined at:
		line 28 in file "lcd.c"
 Parameters:    Size  Location     Type
  a               1    wreg     unsigned char 
 Auto vars:     Size  Location     Type
  a               1    3[COMMON] unsigned char 
 Return value:  Size  Location     Type
                  1    wreg      void 
 Registers used:
		wreg
 Tracked objects:
		On entry : 
		On exit  : 
		Unchanged: 
 Data sizes:     COMMON   BANK0   BANK1   BANK3   BANK2
      Params:         0       0       0       0       0
      Locals:         1       0       0       0       0
      Temps:          0       0       0       0       0
      Totals:         1       0       0       0       0
Total ram usage:        1 bytes
 Hardware stack levels used:    1
 Hardware stack levels required when called:    1
 This function calls:
		Nothing
 This function is called by:
		_lcd_init
		_lcd_cmd
		_lcd_write_char
 This function uses a non-reentrant model


 *************** function _Text_Uart *****************
 Defined at:
		line 43 in file "Master.c"
 Parameters:    Size  Location     Type
  text            1    wreg     PTR unsigned char 
		 -> STR_7(5), STR_6(4), STR_5(16), 
 Auto vars:     Size  Location     Type
  text            1    7[COMMON] PTR unsigned char 
		 -> STR_7(5), STR_6(4), STR_5(16), 
  i               2    5[COMMON] int 
 Return value:  Size  Location     Type
                  1    wreg      void 
 Registers used:
		wreg, fsr0l, fsr0h, status,2, status,0, pclath
 Tracked objects:
		On entry : 
		On exit  : 
		Unchanged: 
 Data sizes:     COMMON   BANK0   BANK1   BANK3   BANK2
      Params:         0       0       0       0       0
      Locals:         3       0       0       0       0
      Temps:          2       0       0       0       0
      Totals:         5       0       0       0       0
Total ram usage:        5 bytes
 Hardware stack levels used:    2
 Hardware stack levels required when called:    1
 This function calls:
		Nothing
 This function is called by:
		_main
 This function uses a non-reentrant model


 *************** function _isr *****************
 Defined at:
		line 92 in file "Master.c"
 Parameters:    Size  Location     Type
		None
 Auto vars:     Size  Location     Type
		None
 Return value:  Size  Location     Type
                  1    wreg      void 
 Registers used:
		wreg
 Tracked objects:
		On entry : 
		On exit  : 
		Unchanged: 
 Data sizes:     COMMON   BANK0   BANK1   BANK3   BANK2
      Params:         0       0       0       0       0
      Locals:         0       0       0       0       0
      Temps:          3       0       0       0       0
      Totals:         3       0       0       0       0
Total ram usage:        3 bytes
 Hardware stack levels used:    1
 This function calls:
		Nothing
 This function is called by:
		Interrupt level 1
 This function uses a non-reentrant model



MODULE INFORMATION

Module		Function		Class		Link	Load	Size
Master.c
		_main          		CODE           	001F	0000	404
		_init_UART     		CODE           	04C4	0000	21
		_isr           		CODE           	04D9	0000	18
		_Text_Uart     		CODE           	0432	0000	43
		_setup         		CODE           	03BC	0000	51

Master.c estimated size: 537

C:\Program Files\Microchip\xc8\v2.31\pic\sources\c90\common\doprnt.c
		_sprintf       		CODE           	01B3	0000	234

C:\Program Files\Microchip\xc8\v2.31\pic\sources\c90\common\doprnt.c estimated size: 234

C:\Program Files\Microchip\xc8\v2.31\pic\sources\c90\common\lwmod.c
		___lwmod       		CODE           	0380	0000	60

C:\Program Files\Microchip\xc8\v2.31\pic\sources\c90\common\lwmod.c estimated size: 60

spi.c
		_spiInit       		CODE           	04AE	0000	22

spi.c estimated size: 22

C:\Program Files\Microchip\xc8\v2.31\pic\sources\c90\common\lwdiv.c
		___lwdiv       		CODE           	02F4	0000	70

C:\Program Files\Microchip\xc8\v2.31\pic\sources\c90\common\lwdiv.c estimated size: 70

shared
		__stringtab    		STRING         	0400	0000	16
		_dpowers       		STRING         	0410	0000	10
		__initialization		CODE           	000F	0000	12

shared estimated size: 38

lcd.c
		_lcd_write_char		CODE           	047A	0000	26
		_lcd_cmd       		CODE           	0494	0000	26
		_lcd_clear     		CODE           	04EB	0000	13
		_lcd_move_cursor		CODE           	045D	0000	29
		_lcd_port      		CODE           	0500	0000	6
		_lcd_write_string		CODE           	033A	0000	70
		_lcd_init      		CODE           	029D	0000	87

lcd.c estimated size: 257

